// Jest Snapshot v1, https://goo.gl/fbAQLP

exports[`CanteenView renders correctly 1`] = `
<DocumentFragment>
  <div
    class="CanteenView"
  >
    <p
      class="order-message"
    >
      You are ordering dinners forâ €
    </p>
    <p
      class="tomorrow"
    >
      Wednesday, August 11th 2021!
    </p>
    <form
      class="order-form"
    >
      <table
        class="table table-responsive"
      >
        <thead>
          <tr>
            <th
              name="className"
            />
            <th
              name="pizza"
            >
              <img
                alt="pizza"
                class="foodicon pizza meat"
                src="pizza.png"
              />
              Pizza
            </th>
            <th
              name="pasta"
            >
              <img
                alt="pasta"
                class="foodicon pasta veg"
                src="pasta.png"
              />
              Pasta
            </th>
            <th
              name="fish"
            >
              <img
                alt="fish"
                class="foodicon pizza fish"
                src="fish.png"
              />
              Fish and Chips
            </th>
            <th
              name="quorn"
            >
              <img
                alt="curry"
                class="foodicon pizza veg"
                src="curry.png"
              />
              Quorn Curry
            </th>
            <th
              name="noDinner"
            >
              <img
                alt="noDinner"
                class="foodicon noDinner"
                src="nodinner.png"
              />
              Dinner not needed
            </th>
          </tr>
        </thead>
        <tbody>
          <tr
            class="totalRow"
          >
            <td>
              <div
                class="radiotext"
              >
                <label
                  for="schoolclass"
                >
                  Total
                </label>
              </div>
            </td>
            <td>
              <p>
                0
              </p>
            </td>
            <td>
              <p>
                0
              </p>
            </td>
            <td>
              <p>
                0
              </p>
            </td>
            <td>
              <p>
                0
              </p>
            </td>
            <td>
              <p>
                0
              </p>
            </td>
          </tr>
          <tr
            class="classRow"
          >
            <td>
              <div
                class="radiotext"
              >
                <label
                  for="schoolclass"
                >
                  1DS
                </label>
              </div>
            </td>
            <td>
              <p>
                0
              </p>
            </td>
            <td>
              <p>
                0
              </p>
            </td>
            <td>
              <p>
                0
              </p>
            </td>
            <td>
              <p>
                0
              </p>
            </td>
            <td>
              <p>
                0
              </p>
            </td>
          </tr>
          <tr
            class="classRow"
          >
            <td>
              <div
                class="radiotext"
              >
                <label
                  for="schoolclass"
                >
                  1MH
                </label>
              </div>
            </td>
            <td>
              <p>
                0
              </p>
            </td>
            <td>
              <p>
                0
              </p>
            </td>
            <td>
              <p>
                0
              </p>
            </td>
            <td>
              <p>
                0
              </p>
            </td>
            <td>
              <p>
                0
              </p>
            </td>
          </tr>
          <tr
            class="classRow"
          >
            <td>
              <div
                class="radiotext"
              >
                <label
                  for="schoolclass"
                >
                  2AW
                </label>
              </div>
            </td>
            <td>
              <p>
                0
              </p>
            </td>
            <td>
              <p>
                0
              </p>
            </td>
            <td>
              <p>
                0
              </p>
            </td>
            <td>
              <p>
                0
              </p>
            </td>
            <td>
              <p>
                0
              </p>
            </td>
          </tr>
          <tr
            class="classRow"
          >
            <td>
              <div
                class="radiotext"
              >
                <label
                  for="schoolclass"
                >
                  2NM
                </label>
              </div>
            </td>
            <td>
              <p>
                0
              </p>
            </td>
            <td>
              <p>
                0
              </p>
            </td>
            <td>
              <p>
                0
              </p>
            </td>
            <td>
              <p>
                0
              </p>
            </td>
            <td>
              <p>
                0
              </p>
            </td>
          </tr>
        </tbody>
      </table>
    </form>
  </div>
</DocumentFragment>
`;
