// Jest Snapshot v1, https://goo.gl/fbAQLP

exports[`TeacherView renders correctly 1`] = `
<DocumentFragment>
  <div
    class="TeacherView"
  >
    <p
      class="order-message"
    >
      You are ordering dinners forâ €
    </p>
    <p
      class="tomorrow"
    >
      Wednesday, August 11th 2021!
    </p>
    <form
      class="order-form"
    >
      <table
        class="table table-responsive"
      >
        <thead>
          <tr>
            <th
              class="schoolclass"
              name="childName"
            >
              1DS
            </th>
            <th
              name="pizza"
            >
              <img
                alt="pizza"
                class="foodicon pizza meat"
                src="pizza.png"
              />
              Pizza
            </th>
            <th
              name="pasta"
            >
              <img
                alt="pasta"
                class="foodicon pasta veg"
                src="pasta.png"
              />
              Pasta
            </th>
            <th
              name="fish"
            >
              <img
                alt="fish"
                class="foodicon pizza fish"
                src="fish.png"
              />
              Fish and Chips
            </th>
            <th
              name="quorn"
            >
              <img
                alt="curry"
                class="foodicon pizza veg"
                src="curry.png"
              />
              Quorn Curry
            </th>
            <th
              name="noDinner"
            >
              <img
                alt="noDinner"
                class="foodicon noDinner"
                src="nodinner.png"
              />
              Dinner not needed
            </th>
          </tr>
        </thead>
        <tbody />
      </table>
      <button
        class="order-form-button"
        type="submit"
      >
        Done!
      </button>
    </form>
  </div>
</DocumentFragment>
`;
